
PLAY [graylog Setup] ***********************************************************

TASK [Gathering Facts] *********************************************************
ok: [localhost]

TASK [uniqconsulting.graylog : get role-vars stats] ****************************
ok: [localhost]

TASK [uniqconsulting.graylog : include role-vars] ******************************
ok: [localhost]

TASK [uniqconsulting.graylog : get global-vars stats] **************************
ok: [localhost]

TASK [uniqconsulting.graylog : include global-vars] ****************************
skipping: [localhost]

TASK [uniqconsulting.graylog : find all task files] ****************************
changed: [localhost]

TASK [uniqconsulting.graylog : include tasks] **********************************
included: /etc/ansible/projects/uqcSetup/roles/uniqconsulting.graylog/tasks/include-file.yml for localhost
included: /etc/ansible/projects/uqcSetup/roles/uniqconsulting.graylog/tasks/include-file.yml for localhost
included: /etc/ansible/projects/uqcSetup/roles/uniqconsulting.graylog/tasks/include-file.yml for localhost
included: /etc/ansible/projects/uqcSetup/roles/uniqconsulting.graylog/tasks/include-file.yml for localhost
included: /etc/ansible/projects/uqcSetup/roles/uniqconsulting.graylog/tasks/include-file.yml for localhost
included: /etc/ansible/projects/uqcSetup/roles/uniqconsulting.graylog/tasks/include-file.yml for localhost
included: /etc/ansible/projects/uqcSetup/roles/uniqconsulting.graylog/tasks/include-file.yml for localhost
included: /etc/ansible/projects/uqcSetup/roles/uniqconsulting.graylog/tasks/include-file.yml for localhost
included: /etc/ansible/projects/uqcSetup/roles/uniqconsulting.graylog/tasks/include-file.yml for localhost

TASK [uniqconsulting.graylog : include 00_systemcheck.yml] *********************
included: /etc/ansible/projects/uqcSetup/roles/uniqconsulting.graylog/tasks/shared/00_systemcheck.yml for localhost

TASK [uniqconsulting.graylog : Check CPU] **************************************
ok: [localhost]

TASK [uniqconsulting.graylog : Check Physical Memory] **************************
ok: [localhost]

TASK [uniqconsulting.graylog : Check Swap Memory] ******************************
ok: [localhost]

TASK [uniqconsulting.graylog : Check disk-size] ********************************
ok: [localhost] => (item=/dev/mapper/cl-root)
skipping: [localhost] => (item=/dev/vda1) 

TASK [uniqconsulting.graylog : include 01_dependencies.yml] ********************
included: /etc/ansible/projects/uqcSetup/roles/uniqconsulting.graylog/tasks/shared/01_dependencies.yml for localhost

TASK [uniqconsulting.graylog : download dependencies from galaxy] **************
changed: [localhost]

TASK [uniqconsulting.os_basic] *************************************************

TASK [uniqconsulting.os_basic : get role-vars stats] ***************************
ok: [localhost]

TASK [uniqconsulting.os_basic : include role-vars] *****************************
skipping: [localhost]

TASK [uniqconsulting.os_basic : get global-vars stats] *************************
ok: [localhost]

TASK [uniqconsulting.os_basic : include global-vars] ***************************
skipping: [localhost]

TASK [uniqconsulting.os_basic : include tasks] *********************************
included: /etc/ansible/projects/uqcSetup/roles/uniqconsulting.os_basic/tasks/include-file.yml for localhost
included: /etc/ansible/projects/uqcSetup/roles/uniqconsulting.os_basic/tasks/include-file.yml for localhost
included: /etc/ansible/projects/uqcSetup/roles/uniqconsulting.os_basic/tasks/include-file.yml for localhost
included: /etc/ansible/projects/uqcSetup/roles/uniqconsulting.os_basic/tasks/include-file.yml for localhost
included: /etc/ansible/projects/uqcSetup/roles/uniqconsulting.os_basic/tasks/include-file.yml for localhost
included: /etc/ansible/projects/uqcSetup/roles/uniqconsulting.os_basic/tasks/include-file.yml for localhost
included: /etc/ansible/projects/uqcSetup/roles/uniqconsulting.os_basic/tasks/include-file.yml for localhost
included: /etc/ansible/projects/uqcSetup/roles/uniqconsulting.os_basic/tasks/include-file.yml for localhost
included: /etc/ansible/projects/uqcSetup/roles/uniqconsulting.os_basic/tasks/include-file.yml for localhost

TASK [uniqconsulting.os_basic : include 10_packages.yml] ***********************
included: /etc/ansible/projects/uqcSetup/roles/uniqconsulting.os_basic/tasks/CentOS-8/10_packages.yml for localhost

TASK [uniqconsulting.os_basic : install base packages] *************************
changed: [localhost]

TASK [uniqconsulting.os_basic : include 20_epel.yml] ***************************
included: /etc/ansible/projects/uqcSetup/roles/uniqconsulting.os_basic/tasks/shared/20_epel.yml for localhost

TASK [uniqconsulting.os_basic : install epel repo packages] ********************
ok: [localhost]

TASK [uniqconsulting.os_basic : include 30_os_update.yml] **********************
included: /etc/ansible/projects/uqcSetup/roles/uniqconsulting.os_basic/tasks/shared/30_os_update.yml for localhost

TASK [uniqconsulting.os_basic : install security patches with yum] *************
skipping: [localhost]

TASK [uniqconsulting.os_basic : install all kernel updates with yum] ***********
skipping: [localhost]

TASK [uniqconsulting.os_basic : install all updates with yum] ******************
changed: [localhost]

TASK [uniqconsulting.os_basic : include 40_software_cleanup.yml] ***************
included: /etc/ansible/projects/uqcSetup/roles/uniqconsulting.os_basic/tasks/CentOS-8/40_software_cleanup.yml for localhost

TASK [uniqconsulting.os_basic : remove old kernel packages for RPM based systems] ***
ok: [localhost]

TASK [uniqconsulting.os_basic : include 50_oom_handler.yml] ********************
included: /etc/ansible/projects/uqcSetup/roles/uniqconsulting.os_basic/tasks/shared/50_oom_handler.yml for localhost

TASK [uniqconsulting.os_basic : enable crond] **********************************
ok: [localhost]

TASK [uniqconsulting.os_basic : create script oom-scanner.sh] ******************
changed: [localhost]

TASK [uniqconsulting.os_basic : sysctl settings reboot after oom] **************
changed: [localhost]

TASK [uniqconsulting.os_basic : sysctl settings delay reboot by 10s] ***********
changed: [localhost]

TASK [uniqconsulting.os_basic : create cronjob for detecting crashes after reboot] ***
changed: [localhost]

TASK [uniqconsulting.os_basic : include 60_mail.yml] ***************************
included: /etc/ansible/projects/uqcSetup/roles/uniqconsulting.os_basic/tasks/shared/60_mail.yml for localhost

TASK [uniqconsulting.os_basic : install packages for mail setup] ***************
changed: [localhost]

TASK [uniqconsulting.os_basic : enable postfix] ********************************
changed: [localhost]

TASK [uniqconsulting.os_basic : create main.cf] ********************************
changed: [localhost]

TASK [uniqconsulting.os_basic : create canonical map] **************************
changed: [localhost]

TASK [uniqconsulting.os_basic : create aliases] ********************************
changed: [localhost]

TASK [uniqconsulting.os_basic : include 70_rsyslog.yml] ************************
included: /etc/ansible/projects/uqcSetup/roles/uniqconsulting.os_basic/tasks/shared/70_rsyslog.yml for localhost

TASK [uniqconsulting.os_basic : install packages for syslog] *******************
skipping: [localhost]

TASK [uniqconsulting.os_basic : enable rsyslog] ********************************
skipping: [localhost]

TASK [uniqconsulting.os_basic : check syslog forwarding] ***********************
skipping: [localhost]

TASK [uniqconsulting.os_basic : set rsyslog forwarding] ************************
skipping: [localhost]

TASK [uniqconsulting.os_basic : include 80_snmpd.yml] **************************
included: /etc/ansible/projects/uqcSetup/roles/uniqconsulting.os_basic/tasks/shared/80_snmpd.yml for localhost

TASK [uniqconsulting.os_basic : install packages for mail setup] ***************
skipping: [localhost]

TASK [uniqconsulting.os_basic : enable snmpd] **********************************
skipping: [localhost]

TASK [uniqconsulting.os_basic : create snmpd.conf] *****************************
skipping: [localhost]

TASK [uniqconsulting.os_basic : include 90_selinux.yml] ************************
included: /etc/ansible/projects/uqcSetup/roles/uniqconsulting.os_basic/tasks/shared/90_selinux.yml for localhost

TASK [uniqconsulting.os_basic : install packages for maintaining selinux] ******
changed: [localhost]

TASK [uniqconsulting.os_basic : configure selinux policy to disabled] **********
changed: [localhost]

TASK [uniqconsulting.open_vm_tools] ********************************************

TASK [uniqconsulting.open_vm_tools : install openvmtools] **********************
included: /etc/ansible/projects/uqcSetup/roles/uniqconsulting.open_vm_tools/tasks/openvmtools-RedHat.yml for localhost

TASK [uniqconsulting.open_vm_tools : install open-vm-tools] ********************
changed: [localhost] => (item={'package': 'open-vm-tools'})

TASK [uniqconsulting.open_vm_tools : enable and restart vmtoolsd] **************
changed: [localhost]

TASK [uniqconsulting.firewall] *************************************************

TASK [uniqconsulting.firewall : get role-vars stats] ***************************
ok: [localhost]

TASK [uniqconsulting.firewall : include role-vars] *****************************
skipping: [localhost]

TASK [uniqconsulting.firewall : get global-vars stats] *************************
ok: [localhost]

TASK [uniqconsulting.firewall : include global-vars] ***************************
skipping: [localhost]

TASK [uniqconsulting.firewall : include tasks] *********************************
included: /etc/ansible/projects/uqcSetup/roles/uniqconsulting.firewall/tasks/include-file.yml for localhost
included: /etc/ansible/projects/uqcSetup/roles/uniqconsulting.firewall/tasks/include-file.yml for localhost
included: /etc/ansible/projects/uqcSetup/roles/uniqconsulting.firewall/tasks/include-file.yml for localhost

TASK [uniqconsulting.firewall : include 10_install.yml] ************************
included: /etc/ansible/projects/uqcSetup/roles/uniqconsulting.firewall/tasks/shared/10_install.yml for localhost

TASK [uniqconsulting.firewall : remove not needed packages] ********************
changed: [localhost]

TASK [uniqconsulting.firewall : install needed packages] ***********************
changed: [localhost]

TASK [uniqconsulting.firewall : enable iptables] *******************************
changed: [localhost]

TASK [uniqconsulting.firewall : include 20_geoip.yml] **************************
included: /etc/ansible/projects/uqcSetup/roles/uniqconsulting.firewall/tasks/shared/20_geoip.yml for localhost

TASK [uniqconsulting.firewall : install packages] ******************************
skipping: [localhost]

TASK [uniqconsulting.firewall : create universal-allow sets] *******************
skipping: [localhost]

TASK [uniqconsulting.firewall : flush universal-allow existing sets] ***********
skipping: [localhost]

TASK [uniqconsulting.firewall : import universal-allow addresses] **************
skipping: [localhost] => (item=127.0.0.1/32) 
skipping: [localhost] => (item=10.0.0.0/8) 
skipping: [localhost] => (item=172.16.0.0/12) 
skipping: [localhost] => (item=192.168.0.0/16) 

TASK [uniqconsulting.firewall : save ipsets] ***********************************
skipping: [localhost]

TASK [uniqconsulting.firewall : generate update-script] ************************
skipping: [localhost]

TASK [uniqconsulting.firewall : run update-script] *****************************
skipping: [localhost]

TASK [uniqconsulting.firewall : update cronjob for update-task] ****************
skipping: [localhost]

TASK [uniqconsulting.firewall : generate save-script] **************************
skipping: [localhost]

TASK [uniqconsulting.firewall : generate ipsets-restore] ***********************
skipping: [localhost]

TASK [uniqconsulting.firewall : generate service] ******************************
skipping: [localhost]

TASK [uniqconsulting.firewall : reload services] *******************************
skipping: [localhost]

TASK [uniqconsulting.firewall : start & enable ipsets service] *****************
skipping: [localhost]

TASK [uniqconsulting.firewall : include 30_config.yml] *************************
included: /etc/ansible/projects/uqcSetup/roles/uniqconsulting.firewall/tasks/shared/30_config.yml for localhost

TASK [uniqconsulting.firewall : Check MD5 sum] *********************************
changed: [localhost]

TASK [uniqconsulting.firewall : generate iptables set] *************************
changed: [localhost]

TASK [uniqconsulting.firewall : debug msg] *************************************
skipping: [localhost]

TASK [uniqconsulting.firewall : generate MD5 sum] ******************************
changed: [localhost]

TASK [uniqconsulting.firewall : activate ipv4 forwarding on boot] **************
changed: [localhost]

TASK [uniqconsulting.firewall : activate ipv4 forwarding now] ******************
changed: [localhost]

TASK [uniqconsulting.elasticsearch] ********************************************

TASK [uniqconsulting.elasticsearch : get role-vars stats] **********************
ok: [localhost]

TASK [uniqconsulting.elasticsearch : include role-vars] ************************
skipping: [localhost]

TASK [uniqconsulting.elasticsearch : get global-vars stats] ********************
ok: [localhost]

TASK [uniqconsulting.elasticsearch : include global-vars] **********************
skipping: [localhost]

TASK [uniqconsulting.elasticsearch : include tasks] ****************************
included: /etc/ansible/projects/uqcSetup/roles/uniqconsulting.elasticsearch/tasks/include-file.yml for localhost
included: /etc/ansible/projects/uqcSetup/roles/uniqconsulting.elasticsearch/tasks/include-file.yml for localhost
included: /etc/ansible/projects/uqcSetup/roles/uniqconsulting.elasticsearch/tasks/include-file.yml for localhost
included: /etc/ansible/projects/uqcSetup/roles/uniqconsulting.elasticsearch/tasks/include-file.yml for localhost

TASK [uniqconsulting.elasticsearch : include 10_repos.yml] *********************
included: /etc/ansible/projects/uqcSetup/roles/uniqconsulting.elasticsearch/tasks/shared/10_repos.yml for localhost

TASK [uniqconsulting.elasticsearch : Install EPEL Release] *********************
ok: [localhost]

TASK [uniqconsulting.elasticsearch : Configure Elasticsearch repo] *************
changed: [localhost]

TASK [uniqconsulting.elasticsearch : include 20_java.yml] **********************
included: /etc/ansible/projects/uqcSetup/roles/uniqconsulting.elasticsearch/tasks/shared/20_java.yml for localhost

TASK [uniqconsulting.elasticsearch : Install Open JDK] *************************
changed: [localhost]

TASK [uniqconsulting.elasticsearch : include 30_install.yml] *******************
included: /etc/ansible/projects/uqcSetup/roles/uniqconsulting.elasticsearch/tasks/shared/30_install.yml for localhost

TASK [uniqconsulting.elasticsearch : Install elasticsearch] ********************
changed: [localhost]

TASK [uniqconsulting.elasticsearch : include 40_config.yml] ********************
included: /etc/ansible/projects/uqcSetup/roles/uniqconsulting.elasticsearch/tasks/shared/40_config.yml for localhost

TASK [uniqconsulting.elasticsearch : configure elastic search cluster name] ****
changed: [localhost]

TASK [uniqconsulting.elasticsearch : configure elasticsearch hostname] *********
changed: [localhost]

TASK [uniqconsulting.elasticsearch : disable index auto creation] **************
changed: [localhost]

TASK [uniqconsulting.elasticsearch : Configure elasticsearch heap-size] ********
changed: [localhost]

TASK [uniqconsulting.elasticsearch : Enable and start elasticsearch] ***********
changed: [localhost]

TASK [uniqconsulting.graylog : include 10_repos.yml] ***************************
included: /etc/ansible/projects/uqcSetup/roles/uniqconsulting.graylog/tasks/shared/10_repos.yml for localhost

TASK [uniqconsulting.graylog : Install EPEL Release] ***************************
ok: [localhost]

TASK [uniqconsulting.graylog : Install Graylog Repositry] **********************
changed: [localhost]

TASK [uniqconsulting.graylog : Configure stable MongoDB repo] ******************
changed: [localhost]

TASK [uniqconsulting.graylog : include 20_java.yml] ****************************
included: /etc/ansible/projects/uqcSetup/roles/uniqconsulting.graylog/tasks/shared/20_java.yml for localhost

TASK [uniqconsulting.graylog : Install Open JDK] *******************************
ok: [localhost]

TASK [uniqconsulting.graylog : include 30_mongodb.yml] *************************
included: /etc/ansible/projects/uqcSetup/roles/uniqconsulting.graylog/tasks/shared/30_mongodb.yml for localhost

TASK [uniqconsulting.graylog : Install MongoDB] ********************************
changed: [localhost]

TASK [uniqconsulting.graylog : Enable and start mongod] ************************
changed: [localhost]

TASK [uniqconsulting.graylog : include 40_install.yml] *************************
included: /etc/ansible/projects/uqcSetup/roles/uniqconsulting.graylog/tasks/shared/40_install.yml for localhost

TASK [uniqconsulting.graylog : Install graylog packages] ***********************
changed: [localhost]

TASK [uniqconsulting.graylog : Install graylog enterprise plugin] **************
skipping: [localhost]

TASK [uniqconsulting.graylog : include 50_config.yml] **************************
included: /etc/ansible/projects/uqcSetup/roles/uniqconsulting.graylog/tasks/shared/50_config.yml for localhost

TASK [uniqconsulting.graylog : Configure Graylog admin password if needed] *****
changed: [localhost]

TASK [uniqconsulting.graylog : Check if password salt is present (check length)] ***
ok: [localhost]

TASK [uniqconsulting.graylog : Configure Graylog password salt] ****************
ok: [localhost]

TASK [uniqconsulting.graylog : enable elasticsearch shrads] ********************
changed: [localhost]

TASK [uniqconsulting.graylog : set graylog cluster name] ***********************
changed: [localhost]

TASK [uniqconsulting.graylog : Set Graylog web listen uri] *********************
changed: [localhost]

TASK [uniqconsulting.graylog : Set root Timezone] ******************************
changed: [localhost]

TASK [uniqconsulting.graylog : Configure Graylog root email] *******************
changed: [localhost]

TASK [uniqconsulting.graylog : Configure Graylog root email] *******************
ok: [localhost]

TASK [uniqconsulting.graylog : Configure Graylog http_enable_gzip] *************
changed: [localhost]

TASK [uniqconsulting.graylog : Configure Graylog allow_highlighting] ***********
changed: [localhost]

TASK [uniqconsulting.graylog : Configure Graylog transport_email_enabled] ******
changed: [localhost]

TASK [uniqconsulting.graylog : Configure Graylog transport_email_hostname] *****
changed: [localhost]

TASK [uniqconsulting.graylog : Configure Graylog transport_email_port] *********
changed: [localhost]

TASK [uniqconsulting.graylog : Configure Graylog transport_email_use_auth] *****
changed: [localhost]

TASK [uniqconsulting.graylog : Configure Graylog transport_email_use_tls] ******
changed: [localhost]

TASK [uniqconsulting.graylog : Configure Graylog transport_email_use_ssl] ******
changed: [localhost]

TASK [uniqconsulting.graylog : Configure Graylog transport_email_auth_username] ***
changed: [localhost]

TASK [uniqconsulting.graylog : Configure Graylog transport_email_auth_password] ***
changed: [localhost]

TASK [uniqconsulting.graylog : Configure Graylog transport_email_subject_prefix] ***
changed: [localhost]

TASK [uniqconsulting.graylog : Configure Graylog transport_email_from_email] ***
changed: [localhost]

TASK [uniqconsulting.graylog : Configure Graylog transport_email_web_interface_url] ***
changed: [localhost]

TASK [uniqconsulting.graylog : Configure Graylog dashboard_widget_default_cache_time] ***
changed: [localhost]

TASK [uniqconsulting.graylog : Configure graylog heap-size] ********************
changed: [localhost]

TASK [uniqconsulting.graylog : Configure graylog heap-size] ********************
changed: [localhost]

TASK [uniqconsulting.graylog : Enable and start Graylog server] ****************
changed: [localhost]

TASK [uniqconsulting.graylog : include 60_uqccheck.yml] ************************
included: /etc/ansible/projects/uqcSetup/roles/uniqconsulting.graylog/tasks/shared/60_uqccheck.yml for localhost

TASK [uniqconsulting.graylog : Copy uQcCheck File] *****************************
changed: [localhost]

TASK [uniqconsulting.graylog : Register uQcCheck File] *************************
changed: [localhost]

TASK [uniqconsulting.graylog : include 99_dependencies.yml] ********************
included: /etc/ansible/projects/uqcSetup/roles/uniqconsulting.graylog/tasks/shared/99_dependencies.yml for localhost

TASK [uniqconsulting.nginx] ****************************************************

TASK [uniqconsulting.nginx : get role-vars stats] ******************************
ok: [localhost]

TASK [uniqconsulting.nginx : include role-vars] ********************************
skipping: [localhost]

TASK [uniqconsulting.nginx : get global-vars stats] ****************************
ok: [localhost]

TASK [uniqconsulting.nginx : include global-vars] ******************************
skipping: [localhost]

TASK [uniqconsulting.nginx : include tasks] ************************************
included: /etc/ansible/projects/uqcSetup/roles/uniqconsulting.nginx/tasks/include-file.yml for localhost
included: /etc/ansible/projects/uqcSetup/roles/uniqconsulting.nginx/tasks/include-file.yml for localhost
included: /etc/ansible/projects/uqcSetup/roles/uniqconsulting.nginx/tasks/include-file.yml for localhost
included: /etc/ansible/projects/uqcSetup/roles/uniqconsulting.nginx/tasks/include-file.yml for localhost

TASK [uniqconsulting.nginx : include 10_install.yml] ***************************
included: /etc/ansible/projects/uqcSetup/roles/uniqconsulting.nginx/tasks/shared/10_install.yml for localhost

TASK [uniqconsulting.nginx : import GPG keys] **********************************
changed: [localhost]

TASK [uniqconsulting.nginx : Add nginx repository] *****************************
changed: [localhost]

TASK [uniqconsulting.nginx : install packages] *********************************
changed: [localhost]

TASK [uniqconsulting.nginx : include 20_geoip.yml] *****************************
included: /etc/ansible/projects/uqcSetup/roles/uniqconsulting.nginx/tasks/shared/20_geoip.yml for localhost

TASK [uniqconsulting.nginx : generate update-script] ***************************
skipping: [localhost]

TASK [uniqconsulting.nginx : update cronjob for update-task] *******************
skipping: [localhost]

TASK [uniqconsulting.nginx : run geoip update task] ****************************
skipping: [localhost]

TASK [uniqconsulting.nginx : include 30_config.yml] ****************************
included: /etc/ansible/projects/uqcSetup/roles/uniqconsulting.nginx/tasks/shared/30_config.yml for localhost

TASK [uniqconsulting.nginx : cleanup nginx-more] *******************************
ok: [localhost]

TASK [uniqconsulting.nginx : generate nginx config file] ***********************
changed: [localhost]

TASK [uniqconsulting.nginx : check ssl cert directory] *************************
changed: [localhost]

TASK [uniqconsulting.nginx : Create cert if missing] ***************************
changed: [localhost]

TASK [uniqconsulting.nginx : generate nginx vhosts file (proxy)] ***************
changed: [localhost] => (item={'default': True, 'type': 'proxy', 'server_name': ['servername.domain.local', 'graylog.*', 'syslog.*'], 'locations': [{'path': '/', 'pass': 'http://127.0.0.1:9000', 'custom_options': ['proxy_set_header X-Graylog-Server-URL https://$server_name/']}]})

TASK [uniqconsulting.nginx : generate nginx vhosts file (web)] *****************
skipping: [localhost] => (item={'default': True, 'type': 'proxy', 'server_name': ['servername.domain.local', 'graylog.*', 'syslog.*'], 'locations': [{'path': '/', 'pass': 'http://127.0.0.1:9000', 'custom_options': ['proxy_set_header X-Graylog-Server-URL https://$server_name/']}]}) 

TASK [uniqconsulting.nginx : enable nginx service] *****************************
changed: [localhost]

TASK [uniqconsulting.nginx : include 40_selinux.yml] ***************************
included: /etc/ansible/projects/uqcSetup/roles/uniqconsulting.nginx/tasks/shared/40_selinux.yml for localhost

TASK [uniqconsulting.nginx : set fcontext for /opt/geoip/maxmind] **************
skipping: [localhost]

TASK [uniqconsulting.nginx : apply fcontext to /opt/geoip/maxmind] *************
skipping: [localhost]

TASK [uniqconsulting.nginx : set fcontext for /etc/nginx/ssl] ******************
changed: [localhost]

TASK [uniqconsulting.nginx : apply fcontext to /etc/nginx/ssl] *****************
changed: [localhost]

TASK [uniqconsulting.nginx : set fcontext for /srv/www/www] ********************
changed: [localhost]

TASK [uniqconsulting.nginx : set fcontext for /srv/www/logs] *******************
changed: [localhost]

TASK [uniqconsulting.nginx : apply fcontext to /srv/www/www] *******************
ok: [localhost]

TASK [uniqconsulting.nginx : set fcontext for vhosts (web) with specified documentroot] ***
skipping: [localhost] => (item={'default': True, 'type': 'proxy', 'server_name': ['servername.domain.local', 'graylog.*', 'syslog.*'], 'locations': [{'path': '/', 'pass': 'http://127.0.0.1:9000', 'custom_options': ['proxy_set_header X-Graylog-Server-URL https://$server_name/']}]}) 

TASK [uniqconsulting.nginx : set fcontext for vhosts (web) with specified documentroot] ***
skipping: [localhost] => (item={'default': True, 'type': 'proxy', 'server_name': ['servername.domain.local', 'graylog.*', 'syslog.*'], 'locations': [{'path': '/', 'pass': 'http://127.0.0.1:9000', 'custom_options': ['proxy_set_header X-Graylog-Server-URL https://$server_name/']}]}) 

TASK [uniqconsulting.nginx : activate selinux bools] ***************************
ok: [localhost] => (item=httpd_enable_cgi)
changed: [localhost] => (item=httpd_can_network_connect)
changed: [localhost] => (item=httpd_can_connect_ldap)
changed: [localhost] => (item=httpd_can_sendmail)
changed: [localhost] => (item=httpd_execmem)
changed: [localhost] => (item=httpd_can_network_relay)

TASK [uniqconsulting.nginx : copy custom selinux module] ***********************
changed: [localhost]

TASK [uniqconsulting.nginx : compile and activate custom selinux module] *******
ok: [localhost]

RUNNING HANDLER [uniqconsulting.graylog : restart graylog] *********************
changed: [localhost]

RUNNING HANDLER [uniqconsulting.os_basic : newcanonical] ***********************
changed: [localhost]

RUNNING HANDLER [uniqconsulting.os_basic : newaliases] *************************
changed: [localhost]

RUNNING HANDLER [uniqconsulting.os_basic : restart postfix] ********************
changed: [localhost]

RUNNING HANDLER [uniqconsulting.firewall : restart iptables] *******************
changed: [localhost]

RUNNING HANDLER [uniqconsulting.elasticsearch : restart elasticsearch] *********
changed: [localhost]

RUNNING HANDLER [uniqconsulting.nginx : restart nginx] *************************
changed: [localhost]

RUNNING HANDLER [uniqconsulting.nginx : reload nginx] **************************
changed: [localhost]

PLAY RECAP *********************************************************************
localhost                  : ok=172  changed=85   unreachable=0    failed=0    skipped=41   rescued=0    ignored=0   

